<?xml version="1.0" encoding="UTF-8"?>
<testsuites name="jest tests" tests="11" failures="0" errors="0" time="4.87">
  <testsuite name="undefined" errors="0" failures="0" skipped="0" timestamp="2021-06-01T00:54:57" time="1.359" tests="1">
    <testcase classname=" should generate correct number of days of week" name=" should generate correct number of days of week" time="0.033">
    </testcase>
  </testsuite>
  <testsuite name="useCalendarDates" errors="0" failures="0" skipped="0" timestamp="2021-06-01T00:54:57" time="1.339" tests="1">
    <testcase classname="useCalendarDates should start with selected dates" name="useCalendarDates should start with selected dates" time="0.017">
    </testcase>
  </testsuite>
  <testsuite name="&lt;Calendar.Header /&gt;" errors="0" failures="0" skipped="0" timestamp="2021-06-01T00:54:57" time="3.328" tests="4">
    <testcase classname="&lt;Calendar.Header /&gt; should render month correctly" name="&lt;Calendar.Header /&gt; should render month correctly" time="0.028">
    </testcase>
    <testcase classname="&lt;Calendar.Header /&gt; should render long name of month correctly" name="&lt;Calendar.Header /&gt; should render long name of month correctly" time="0.004">
    </testcase>
    <testcase classname="&lt;Calendar.Header /&gt; should render month correctly" name="&lt;Calendar.Header /&gt; should render month correctly" time="0.003">
    </testcase>
    <testcase classname="&lt;Calendar.Header /&gt; should render month correctly" name="&lt;Calendar.Header /&gt; should render month correctly" time="0.003">
    </testcase>
  </testsuite>
  <testsuite name="&lt;Calendar.Date /&gt;" errors="0" failures="0" skipped="0" timestamp="2021-06-01T00:54:57" time="3.341" tests="1">
    <testcase classname="&lt;Calendar.Date /&gt; should render all days of month correctly" name="&lt;Calendar.Date /&gt; should render all days of month correctly" time="0.067">
    </testcase>
  </testsuite>
  <testsuite name="&lt;Calendar.Dates /&gt;" errors="0" failures="0" skipped="0" timestamp="2021-06-01T00:54:57" time="3.353" tests="1">
    <testcase classname="&lt;Calendar.Dates /&gt; should render the correct first day of month" name="&lt;Calendar.Dates /&gt; should render the correct first day of month" time="0.026">
    </testcase>
  </testsuite>
  <testsuite name="&lt;Calendar.Weekday /&gt;" errors="0" failures="0" skipped="0" timestamp="2021-06-01T00:54:57" time="3.426" tests="3">
    <testcase classname="&lt;Calendar.Weekday /&gt; should render long names correctly" name="&lt;Calendar.Weekday /&gt; should render long names correctly" time="0.048">
    </testcase>
    <testcase classname="&lt;Calendar.Weekday /&gt; should render short names correctly" name="&lt;Calendar.Weekday /&gt; should render short names correctly" time="0.009">
    </testcase>
    <testcase classname="&lt;Calendar.Weekday /&gt; should render narrow names correctly" name="&lt;Calendar.Weekday /&gt; should render narrow names correctly" time="0.009">
    </testcase>
  </testsuite>
</testsuites>